============================= test session starts =============================
platform win32 -- Python 3.14.2, pytest-9.0.2, pluggy-1.6.0
rootdir: C:\Users\Outro\Documents\GitHub\Nova pasta\gestaot-cnicos
configfile: pyproject.toml
collected 3 items

tests\test_financeiro_lote_transacao.py E                                [ 33%]
tests\test_imports.py .                                                  [ 66%]
tests\test_pricing_consistencia.py E                                     [100%]

=================================== ERRORS ====================================
_____________ ERROR at setup of test_batch_transaction_isolation ______________

app = <Flask 'src'>

    @pytest.fixture(scope='function')
    def db(app):
        """
        Fixture for cleaning up database between tests.
        Uses delete() instead of drop_all() for speed if possible, or simple transaction rollback.
        For simplicity in this monolith, we'll try to keep it clean.
        """
        # Create a new connection execution context
        connection = _db.engine.connect()
        transaction = connection.begin()
    
        # Bind the session to the connection
        options = dict(bind=connection, binds={})
>       session = _db.create_scoped_session(options=options)
                  ^^^^^^^^^^^^^^^^^^^^^^^^^

tests\conftest.py:42: 
_ _ _ _ _ _ _ _ _ _ _ _ _ _ _ _ _ _ _ _ _ _ _ _ _ _ _ _ _ _ _ _ _ _ _ _ _ _ _ _

self = <SQLAlchemy sqlite:///C:\Users\Outro\Documents\GitHub\Nova pasta\gestaot-cnicos\instance\test_suite.db>
name = 'create_scoped_session'

    def __getattr__(self, name: str) -> t.Any:
        if name == "relation":
            return self._relation
    
        if name == "event":
            return sa_event
    
        if name.startswith("_"):
            raise AttributeError(name)
    
        for mod in (sa, sa_orm):
            if hasattr(mod, name):
                return getattr(mod, name)
    
>       raise AttributeError(name)
E       AttributeError: create_scoped_session

.venv\Lib\site-packages\flask_sqlalchemy\extension.py:1008: AttributeError
----------------------------- Captured log setup ------------------------------
INFO     src:__init__.py:63 WT startup
_________________ ERROR at setup of test_pricing_consistency __________________

app = <Flask 'src'>

    @pytest.fixture(scope='function')
    def db(app):
        """
        Fixture for cleaning up database between tests.
        Uses delete() instead of drop_all() for speed if possible, or simple transaction rollback.
        For simplicity in this monolith, we'll try to keep it clean.
        """
        # Create a new connection execution context
        connection = _db.engine.connect()
        transaction = connection.begin()
    
        # Bind the session to the connection
        options = dict(bind=connection, binds={})
>       session = _db.create_scoped_session(options=options)
                  ^^^^^^^^^^^^^^^^^^^^^^^^^

tests\conftest.py:42: 
_ _ _ _ _ _ _ _ _ _ _ _ _ _ _ _ _ _ _ _ _ _ _ _ _ _ _ _ _ _ _ _ _ _ _ _ _ _ _ _

self = <SQLAlchemy sqlite:///C:\Users\Outro\Documents\GitHub\Nova pasta\gestaot-cnicos\instance\test_suite.db>
name = 'create_scoped_session'

    def __getattr__(self, name: str) -> t.Any:
        if name == "relation":
            return self._relation
    
        if name == "event":
            return sa_event
    
        if name.startswith("_"):
            raise AttributeError(name)
    
        for mod in (sa, sa_orm):
            if hasattr(mod, name):
                return getattr(mod, name)
    
>       raise AttributeError(name)
E       AttributeError: create_scoped_session

.venv\Lib\site-packages\flask_sqlalchemy\extension.py:1008: AttributeError
=========================== short test summary info ===========================
ERROR tests/test_financeiro_lote_transacao.py::test_batch_transaction_isolation
ERROR tests/test_pricing_consistencia.py::test_pricing_consistency - Attribut...
========================= 1 passed, 2 errors in 1.85s =========================
